[2026-03-02T21:06:56] Conversion start (input=f88e4c84_YellowWallpaper.epub, output=YellowWallpaper_f88e4c84)
[2026-03-02T21:06:58] Text preprocessed (numbers, abbreviations normalized for TTS)
[2026-03-02T21:06:58] Estimated chars=52275, ETA=104m, timeout=82m
[2026-03-02T21:06:58] Using container audiobook-f88e4c84
[2026-03-02T21:06:58] Pronunciation regex rules (global + custom) applied
[2026-03-02T21:06:58] Running conversion (engine=edge, voice=en-GB-RyanNeural)
[2026-03-02T21:06:59] Failed: 2026-03-02 21:06:59,325 - audiobook_generator.py:90 - run - INFO - Starting audiobook generation...
2026-03-02 21:06:59,438 - audiobook_generator.py:175 - run - ERROR - Error during audiobook generati
[2026-03-02T21:06:59] Auto-retry scheduled (attempt 1/3) after 30s
[2026-03-02T21:07:31] Watchdog: container died ΓÇö triggering recovery
[2026-03-02T21:07:31] Auto-retry scheduled (attempt 2/3) after 60s
[2026-03-02T21:08:30] Watchdog: container died ΓÇö triggering recovery
[2026-03-02T21:08:30] Auto-retry scheduled (attempt 3/3) after 120s
[2026-03-02T21:08:57] Conversion start (input=f88e4c84_YellowWallpaper.epub, output=YellowWallpaper_f88e4c84)
[2026-03-02T21:08:58] Text preprocessed (numbers, abbreviations normalized for TTS)
[2026-03-02T21:08:58] Estimated chars=52275, ETA=104m, timeout=82m
[2026-03-02T21:08:58] Using container audiobook-f88e4c84
[2026-03-02T21:08:58] Pronunciation regex rules (global + custom) applied
[2026-03-02T21:08:58] Running conversion (engine=edge, voice=en-GB-RyanNeural)
[2026-03-02T21:08:59] Failed: 2026-03-02 21:08:59,430 - audiobook_generator.py:90 - run - INFO - Starting audiobook generation...
2026-03-02 21:08:59,504 - audiobook_generator.py:175 - run - ERROR - Error during audiobook generati
[2026-03-02T21:08:59] Permanently failed: Failed after 3 retries: 2026-03-02 21:08:59,430 - audiobook_generator.py:90 - run - INFO - Starting audiobook generation...
2026-03-02 21:08:59,504 - audiobook_generator.py:175 - run - ERROR - Error during audiobook generation: [Errno 2] No such file or directory: '/input/book.epub/META-INF/container.xml'
Traceback (most recent call last):
  File "/app_src/audiobook_generator/core/audiobook_generator.py", line 91, in run
    book_parser = get_book_parser(self.config)
                  ^^^^^^^^^^^^^^^^^^^^^^^^^^^^
  File "/app_src/audiobook_generator/book_parsers/base_book_parser.py", line 42, in get_book_parser
    return EpubBookParser(config)
           ^^^^^^^^^^^^^^^^^^^^^^
  File "/app_src/audiobook_generator/book_parsers/epub_book_parser.py", line 18, in __init__
    self.book = epub.read_epub(self.config.input_file, {"ignore_ncx": True})
                ^^^^^^^^^^^^^^^^^^^^^^^^^^^^^^^^^^^^^^^^^^^^^^^^^^^^^^^^^^^^
  File "/usr/local/lib/python3.11/site-packages/ebooklib/epub.py", line 1780, in read_epub
[2026-03-02T21:09:44] Conversion start (input=f88e4c84_YellowWallpaper.epub, output=YellowWallpaper_f88e4c84)
[2026-03-02T21:09:46] Text preprocessed (numbers, abbreviations normalized for TTS)
[2026-03-02T21:09:46] Estimated chars=52275, ETA=104m, timeout=82m
[2026-03-02T21:09:46] Using container audiobook-f88e4c84
[2026-03-02T21:09:46] Pronunciation regex rules (global + custom) applied
[2026-03-02T21:09:46] Running conversion (engine=edge, voice=en-GB-RyanNeural)
[2026-03-02T21:09:47] Failed: 2026-03-02 21:09:46,957 - audiobook_generator.py:90 - run - INFO - Starting audiobook generation...
2026-03-02 21:09:47,034 - audiobook_generator.py:175 - run - ERROR - Error during audiobook generati
[2026-03-02T21:09:47] Permanently failed: Failed after 3 retries: 2026-03-02 21:09:46,957 - audiobook_generator.py:90 - run - INFO - Starting audiobook generation...
2026-03-02 21:09:47,034 - audiobook_generator.py:175 - run - ERROR - Error during audiobook generation: [Errno 2] No such file or directory: '/input/book.epub/META-INF/container.xml'
Traceback (most recent call last):
  File "/app_src/audiobook_generator/core/audiobook_generator.py", line 91, in run
    book_parser = get_book_parser(self.config)
                  ^^^^^^^^^^^^^^^^^^^^^^^^^^^^
  File "/app_src/audiobook_generator/book_parsers/base_book_parser.py", line 42, in get_book_parser
    return EpubBookParser(config)
           ^^^^^^^^^^^^^^^^^^^^^^
  File "/app_src/audiobook_generator/book_parsers/epub_book_parser.py", line 18, in __init__
    self.book = epub.read_epub(self.config.input_file, {"ignore_ncx": True})
                ^^^^^^^^^^^^^^^^^^^^^^^^^^^^^^^^^^^^^^^^^^^^^^^^^^^^^^^^^^^^
  File "/usr/local/lib/python3.11/site-packages/ebooklib/epub.py", line 1780, in read_epub
[2026-03-02T21:10:14] Conversion start (input=f88e4c84_YellowWallpaper.epub, output=YellowWallpaper_f88e4c84)
[2026-03-02T21:10:16] Text preprocessed (numbers, abbreviations normalized for TTS)
[2026-03-02T21:10:16] Estimated chars=52275, ETA=104m, timeout=82m
[2026-03-02T21:10:16] Using container audiobook-f88e4c84
[2026-03-02T21:10:16] Pronunciation regex rules (global + custom) applied
[2026-03-02T21:10:16] Running conversion (engine=edge, voice=en-GB-RyanNeural)
[2026-03-02T21:10:17] Failed: 2026-03-02 21:10:17,259 - audiobook_generator.py:90 - run - INFO - Starting audiobook generation...
2026-03-02 21:10:17,579 - audiobook_generator.py:99 - run - INFO - Chapters count: 2.
2026-03-02 21:
[2026-03-02T21:10:18] Permanently failed: Failed after 3 retries: 2026-03-02 21:10:17,259 - audiobook_generator.py:90 - run - INFO - Starting audiobook generation...
2026-03-02 21:10:17,579 - audiobook_generator.py:99 - run - INFO - Chapters count: 2.
2026-03-02 21:10:17,579 - audiobook_generator.py:175 - run - ERROR - Error during audiobook generation: Chapter end index 3 is out of range. Check your input.
Traceback (most recent call last):
  File "/app_src/audiobook_generator/core/audiobook_generator.py", line 107, in run
    raise ValueError(
ValueError: Chapter end index 3 is out of range. Check your input.

[2026-03-02T21:10:54] Conversion start (input=f88e4c84_YellowWallpaper.epub, output=YellowWallpaper_f88e4c84)
[2026-03-02T21:10:54] Text preprocessed (numbers, abbreviations normalized for TTS)
[2026-03-02T21:10:54] Estimated chars=52275, ETA=104m, timeout=82m
[2026-03-02T21:10:54] Using container audiobook-f88e4c84
[2026-03-02T21:10:54] Pronunciation regex rules (global + custom) applied
[2026-03-02T21:10:54] Running conversion (engine=edge, voice=en-GB-RyanNeural)
[2026-03-02T21:10:55] Failed: 2026-03-02 21:10:54,664 - audiobook_generator.py:90 - run - INFO - Starting audiobook generation...
2026-03-02 21:10:54,904 - audiobook_generator.py:99 - run - INFO - Chapters count: 2.
2026-03-02 21:
[2026-03-02T21:10:55] Permanently failed: Failed after 3 retries: 2026-03-02 21:10:54,664 - audiobook_generator.py:90 - run - INFO - Starting audiobook generation...
2026-03-02 21:10:54,904 - audiobook_generator.py:99 - run - INFO - Chapters count: 2.
2026-03-02 21:10:54,904 - audiobook_generator.py:175 - run - ERROR - Error during audiobook generation: Chapter end index 3 is out of range. Check your input.
Traceback (most recent call last):
  File "/app_src/audiobook_generator/core/audiobook_generator.py", line 107, in run
    raise ValueError(
ValueError: Chapter end index 3 is out of range. Check your input.

[2026-03-02T21:11:13] Conversion start (input=f88e4c84_YellowWallpaper.epub, output=YellowWallpaper_f88e4c84)
[2026-03-02T21:11:13] Text preprocessed (numbers, abbreviations normalized for TTS)
[2026-03-02T21:11:13] Estimated chars=52275, ETA=104m, timeout=82m
[2026-03-02T21:11:13] Using container audiobook-f88e4c84
[2026-03-02T21:11:13] Pronunciation regex rules (global + custom) applied
[2026-03-02T21:11:13] Running conversion (engine=edge, voice=en-GB-RyanNeural)
